// Jest Snapshot v1, https://goo.gl/fbAQLP

exports[`Should render an Item from expenses with fixture data 1`] = `
<div>
  <Link
    replace={false}
    to="/edit/1"
  >
    <h3>
      Gum
    </h3>
  </Link>
  <p>
    <strong>
      $1.00
    </strong>
    -
    December 31st, 1969
  </p>
</div>
`;
